// Vitest Snapshot v1, https://vitest.dev/guide/snapshot.html

exports[`EmptyState > should match snapshot 1`] = `
<div>
  <div
    class="flex flex-col items-center justify-center py-16 text-center"
  >
    <div
      class="mb-4 rounded-full bg-[var(--muted)] p-4"
    >
      <svg
        aria-hidden="true"
        class="lucide lucide-upload h-10 w-10 text-[var(--muted-foreground)] dark:text-[var(--foreground)]"
        fill="none"
        height="24"
        stroke="currentColor"
        stroke-linecap="round"
        stroke-linejoin="round"
        stroke-width="2"
        viewBox="0 0 24 24"
        width="24"
        xmlns="http://www.w3.org/2000/svg"
      >
        <path
          d="M12 3v12"
        />
        <path
          d="m17 8-5-5-5 5"
        />
        <path
          d="M21 15v4a2 2 0 0 1-2 2H5a2 2 0 0 1-2-2v-4"
        />
      </svg>
    </div>
    <h3
      class="mb-2 text-lg font-semibold"
    >
      Import leads
    </h3>
    <p
      class="mb-6 max-w-sm text-sm text-[var(--muted-foreground)] dark:text-[var(--foreground)]"
    >
      Get started by importing
    </p>
    <a
      class="inline-flex items-center justify-center gap-2 whitespace-nowrap rounded-md text-sm font-medium transition-all disabled:pointer-events-none disabled:opacity-50 [&_svg]:pointer-events-none [&_svg:not([class*='size-'])]:size-4 shrink-0 [&_svg]:shrink-0 outline-none focus-visible:border-ring focus-visible:ring-ring/50 focus-visible:ring-[3px] aria-invalid:ring-destructive/20 dark:aria-invalid:ring-destructive/40 aria-invalid:border-destructive bg-primary text-primary-foreground hover:bg-primary/90 h-9 px-4 py-2 has-[>svg]:px-3"
      data-size="default"
      data-slot="button"
      data-variant="default"
      href="/import"
    >
      Import
    </a>
  </div>
</div>
`;
